// Jest Snapshot v1, https://goo.gl/fbAQLP

exports[`Card: should render the same 1`] = `
<div
  className="MuiGrid-root makeStyles-card-1 makeStyles-cardChart-4 null"
>
  <div>
    Test children
  </div>
</div>
`;
