// Jest Snapshot v1, https://goo.gl/fbAQLP

exports[`AdminNavbarLinks should render the same 1`] = `
<div>
  <div
    className="makeStyles-searchWrapper-15"
  >
    <div
      className="MuiFormControl-root makeStyles-margin-11 makeStyles-search-9 makeStyles-formControl-25"
    >
      <div
        className="MuiInputBase-root MuiInput-root makeStyles-marginTop-24 MuiInput-underline makeStyles-underline-17 MuiInputBase-formControl MuiInput-formControl"
        onClick={[Function]}
      >
        <input
          aria-invalid={false}
          aria-label="Search"
          className="MuiInputBase-input MuiInput-input"
          disabled={false}
          onAnimationStart={[Function]}
          onBlur={[Function]}
          onChange={[Function]}
          onFocus={[Function]}
          placeholder="Search"
          required={false}
          type="text"
        />
      </div>
    </div>
    <button
      aria-label="edit"
      className="MuiButtonBase-root MuiButton-root MuiButton-text makeStyles-button-26 makeStyles-white-27 makeStyles-round-39 makeStyles-justIcon-42"
      disabled={false}
      onBlur={[Function]}
      onDragLeave={[Function]}
      onFocus={[Function]}
      onKeyDown={[Function]}
      onKeyUp={[Function]}
      onMouseDown={[Function]}
      onMouseLeave={[Function]}
      onMouseUp={[Function]}
      onTouchEnd={[Function]}
      onTouchMove={[Function]}
      onTouchStart={[Function]}
      tabIndex={0}
      type="button"
    >
      <span
        className="MuiButton-label"
      >
        <svg
          aria-hidden={true}
          className="MuiSvgIcon-root"
          focusable="false"
          viewBox="0 0 24 24"
        >
          <path
            d="M15.5 14h-.79l-.28-.27C15.41 12.59 16 11.11 16 9.5 16 5.91 13.09 3 9.5 3S3 5.91 3 9.5 5.91 16 9.5 16c1.61 0 3.09-.59 4.23-1.57l.27.28v.79l5 4.99L20.49 19l-4.99-5zm-6 0C7.01 14 5 11.99 5 9.5S7.01 5 9.5 5 14 7.01 14 9.5 11.99 14 9.5 14z"
          />
        </svg>
      </span>
    </button>
  </div>
  <button
    aria-label="Dashboard"
    className="MuiButtonBase-root MuiButton-root MuiButton-text makeStyles-button-26 makeStyles-transparent-35 makeStyles-justIcon-42 makeStyles-buttonLink-1"
    disabled={false}
    onBlur={[Function]}
    onDragLeave={[Function]}
    onFocus={[Function]}
    onKeyDown={[Function]}
    onKeyUp={[Function]}
    onMouseDown={[Function]}
    onMouseLeave={[Function]}
    onMouseUp={[Function]}
    onTouchEnd={[Function]}
    onTouchMove={[Function]}
    onTouchStart={[Function]}
    tabIndex={0}
    type="button"
  >
    <span
      className="MuiButton-label"
    >
      <svg
        aria-hidden={true}
        className="MuiSvgIcon-root"
        focusable="false"
        viewBox="0 0 24 24"
      >
        <path
          d="M3 13h8V3H3v10zm0 8h8v-6H3v6zm10 0h8V11h-8v10zm0-18v6h8V3h-8z"
        />
      </svg>
      <div
        className="PrivateHiddenCss-mdUp-50"
      >
        <p
          className="makeStyles-linkText-3"
        >
          Dashboard
        </p>
      </div>
    </span>
  </button>
  <div
    className="makeStyles-manager-14"
  >
    <button
      aria-haspopup="true"
      aria-owns={null}
      className="MuiButtonBase-root MuiButton-root MuiButton-text makeStyles-button-26 makeStyles-transparent-35 makeStyles-justIcon-42 makeStyles-buttonLink-1"
      disabled={false}
      onBlur={[Function]}
      onClick={[Function]}
      onDragLeave={[Function]}
      onFocus={[Function]}
      onKeyDown={[Function]}
      onKeyUp={[Function]}
      onMouseDown={[Function]}
      onMouseLeave={[Function]}
      onMouseUp={[Function]}
      onTouchEnd={[Function]}
      onTouchMove={[Function]}
      onTouchStart={[Function]}
      tabIndex={0}
      type="button"
    >
      <span
        className="MuiButton-label"
      >
        <svg
          aria-hidden={true}
          className="MuiSvgIcon-root"
          focusable="false"
          viewBox="0 0 24 24"
        >
          <path
            d="M12 22c1.1 0 2-.9 2-2h-4c0 1.1.89 2 2 2zm6-6v-5c0-3.07-1.64-5.64-4.5-6.32V4c0-.83-.67-1.5-1.5-1.5s-1.5.67-1.5 1.5v.68C7.63 5.36 6 7.92 6 11v5l-2 2v1h16v-1l-2-2z"
          />
        </svg>
        <span
          className="makeStyles-notifications-13"
        >
          5
        </span>
        <div
          className="PrivateHiddenCss-mdUp-50"
        >
          <p
            className="makeStyles-linkText-3"
            onClick={[Function]}
          >
            Notification
          </p>
        </div>
      </span>
    </button>
  </div>
  <div
    className="makeStyles-manager-14"
  >
    <button
      aria-haspopup="true"
      aria-owns={null}
      className="MuiButtonBase-root MuiButton-root MuiButton-text makeStyles-button-26 makeStyles-transparent-35 makeStyles-justIcon-42 makeStyles-buttonLink-1"
      disabled={false}
      onBlur={[Function]}
      onClick={[Function]}
      onDragLeave={[Function]}
      onFocus={[Function]}
      onKeyDown={[Function]}
      onKeyUp={[Function]}
      onMouseDown={[Function]}
      onMouseLeave={[Function]}
      onMouseUp={[Function]}
      onTouchEnd={[Function]}
      onTouchMove={[Function]}
      onTouchStart={[Function]}
      tabIndex={0}
      type="button"
    >
      <span
        className="MuiButton-label"
      >
        <svg
          aria-hidden={true}
          className="MuiSvgIcon-root"
          focusable="false"
          viewBox="0 0 24 24"
        >
          <path
            d="M12 12c2.21 0 4-1.79 4-4s-1.79-4-4-4-4 1.79-4 4 1.79 4 4 4zm0 2c-2.67 0-8 1.34-8 4v2h16v-2c0-2.66-5.33-4-8-4z"
          />
        </svg>
        <div
          className="PrivateHiddenCss-mdUp-50"
        >
          <p
            className="makeStyles-linkText-3"
          >
            Profile
          </p>
        </div>
      </span>
    </button>
  </div>
</div>
`;
